Global setup: opening admin login page

Running 26 tests using 1 worker

[1A[2K[1/26] [chromium] ΓÇ║ tests\001_login_test.spec.ts:24:7 ΓÇ║ Login - Page Title ΓÇ║ should have the correct browser tab title
[1A[2K[chromium] ΓÇ║ tests\001_login_test.spec.ts:24:7 ΓÇ║ Login - Page Title ΓÇ║ should have the correct browser tab title
Running setup before all tests in the worker process

[1A[2KformattedDate 2026-06-16T20:01:09.270Z

[1A[2Kclaimsupdate UPDATE claims SET hintimestamp = $1, dateofservice = $2 params [ [32m'2026-06-16T20:01:09.270Z'[39m, [32m'2026-06-16T20:01:09.270Z'[39m ]

[1A[2KUPDATE eramain SET effectivedate = $1 WHERE id = $2 AND payerid = $3 [ [32m'2026-06-16T20:01:09.270Z'[39m, [32m'G26890'[39m, [32m'TREST'[39m ]

[1A[2KUPDATE eramain SET effectivedate = $1 WHERE payerid = $2 [ [32m'2026-06-16T20:01:09.270Z'[39m, [32m'61101'[39m ]

[1A[2KUPDATE claims SET hintimestamp = $1 WHERE payerid = $2 AND providerid = $3 [ [32m'2026-06-16T20:01:09.270Z'[39m, [32m'Y00680'[39m, [32m'P15487'[39m ]

[1A[2KUPDATE groupenrollment SET agreementSentDate = $1, agreementDeniedDate = $2 WHERE enrollmentStatus IN ($3, $4, $5) [
  [32m'2026-06-16T20:01:09.270Z'[39m,
  [32m'2026-06-16T20:01:09.270Z'[39m,
  [32m'C'[39m,
  [32m'D'[39m,
  [32m'M'[39m
]

[1A[2KUPDATE claims SET hintimestamp = $1 WHERE claimStatus = $2 [ [32m'2026-06-16T20:01:09.270Z'[39m, [32m'F2'[39m ]

[1A[2KNavigating to admin login page

[1A[2K[2/26] [chromium] ΓÇ║ tests\001_login_test.spec.ts:34:7 ΓÇ║ Login - Field Visibility ΓÇ║ should display Welcome and Login headings
[1A[2K[chromium] ΓÇ║ tests\001_login_test.spec.ts:34:7 ΓÇ║ Login - Field Visibility ΓÇ║ should display Welcome and Login headings
Navigating to admin login page

[1A[2K[3/26] [chromium] ΓÇ║ tests\001_login_test.spec.ts:41:7 ΓÇ║ Login - Field Visibility ΓÇ║ should display the application logo
[1A[2K[chromium] ΓÇ║ tests\001_login_test.spec.ts:41:7 ΓÇ║ Login - Field Visibility ΓÇ║ should display the application logo
Navigating to admin login page

[1A[2K[4/26] [chromium] ΓÇ║ tests\001_login_test.spec.ts:45:7 ΓÇ║ Login - Field Visibility ΓÇ║ should display the Username label and input field
[1A[2K[chromium] ΓÇ║ tests\001_login_test.spec.ts:45:7 ΓÇ║ Login - Field Visibility ΓÇ║ should display the Username label and input field
Navigating to admin login page

[1A[2K[5/26] [chromium] ΓÇ║ tests\001_login_test.spec.ts:52:7 ΓÇ║ Login - Field Visibility ΓÇ║ should display the Password label and input field
[1A[2K[chromium] ΓÇ║ tests\001_login_test.spec.ts:52:7 ΓÇ║ Login - Field Visibility ΓÇ║ should display the Password label and input field
Navigating to admin login page

[1A[2KPassword text count: 2

[1A[2K[6/26] [chromium] ΓÇ║ tests\001_login_test.spec.ts:69:7 ΓÇ║ Login - Field Visibility ΓÇ║ should display the Forgot password link
[1A[2K[chromium] ΓÇ║ tests\001_login_test.spec.ts:69:7 ΓÇ║ Login - Field Visibility ΓÇ║ should display the Forgot password link
Navigating to admin login page

[1A[2K[7/26] [chromium] ΓÇ║ tests\001_login_test.spec.ts:74:7 ΓÇ║ Login - Field Visibility ΓÇ║ should display the Log In button
[1A[2K[chromium] ΓÇ║ tests\001_login_test.spec.ts:74:7 ΓÇ║ Login - Field Visibility ΓÇ║ should display the Log In button
Navigating to admin login page

[1A[2K  1) [chromium] ΓÇ║ tests\001_login_test.spec.ts:74:7 ΓÇ║ Login - Field Visibility ΓÇ║ should display the Log In button 

    Error: [2mexpect([22m[31mlocator[39m[2m).[22mtoBeEnabled[2m([22m[2m)[22m failed

    Locator:  getByRole('button', { name: 'Log In' })
    Expected: enabled
    Received: disabled
    Timeout:  5000ms

    Call log:
    [2m  - Expect "toBeEnabled" with timeout 5000ms[22m
    [2m  - waiting for getByRole('button', { name: 'Log In' })[22m
    [2m    9 ├ù locator resolved to <button disabled type="submit" _ngcontent-tov-c153="" class="button blue w-100 ng-tns-c153-0"> Log In </button>[22m
    [2m      - unexpected value "disabled"[22m


      75 |     await expect(page.getByRole('button', { name: td.labels.logInButton })).toBeVisible();
      76 |     await expect(page.getByRole('button', { name: td.labels.logInButton })).toHaveText(td.labels.logInButton);
    > 77 |     await expect(page.getByRole('button', { name: td.labels.logInButton })).toBeEnabled();
         |                                                                             ^
      78 |   });
      79 |
      80 |   test('should display all login form elements together', async ({ page }) => {
        at C:\AutoTest\tests\001_login_test.spec.ts:77:77

    Error Context: test-results\001_login_test-Login---Fie-aa487-d-display-the-Log-In-button-chromium\error-context.md


[1A[2K[8/26] [chromium] ΓÇ║ tests\001_login_test.spec.ts:80:7 ΓÇ║ Login - Field Visibility ΓÇ║ should display all login form elements together
[1A[2K[chromium] ΓÇ║ tests\001_login_test.spec.ts:80:7 ΓÇ║ Login - Field Visibility ΓÇ║ should display all login form elements together
Running setup before all tests in the worker process

[1A[2KformattedDate 2026-06-16T20:01:49.131Z

[1A[2Kclaimsupdate UPDATE claims SET hintimestamp = $1, dateofservice = $2 params [ [32m'2026-06-16T20:01:49.131Z'[39m, [32m'2026-06-16T20:01:49.131Z'[39m ]

[1A[2KUPDATE eramain SET effectivedate = $1 WHERE id = $2 AND payerid = $3 [ [32m'2026-06-16T20:01:49.131Z'[39m, [32m'G26890'[39m, [32m'TREST'[39m ]

[1A[2KUPDATE eramain SET effectivedate = $1 WHERE payerid = $2 [ [32m'2026-06-16T20:01:49.131Z'[39m, [32m'61101'[39m ]

[1A[2KUPDATE claims SET hintimestamp = $1 WHERE payerid = $2 AND providerid = $3 [ [32m'2026-06-16T20:01:49.131Z'[39m, [32m'Y00680'[39m, [32m'P15487'[39m ]

[1A[2KUPDATE groupenrollment SET agreementSentDate = $1, agreementDeniedDate = $2 WHERE enrollmentStatus IN ($3, $4, $5) [
  [32m'2026-06-16T20:01:49.131Z'[39m,
  [32m'2026-06-16T20:01:49.131Z'[39m,
  [32m'C'[39m,
  [32m'D'[39m,
  [32m'M'[39m
]

[1A[2KUPDATE claims SET hintimestamp = $1 WHERE claimStatus = $2 [ [32m'2026-06-16T20:01:49.131Z'[39m, [32m'F2'[39m ]

[1A[2KNavigating to admin login page

[1A[2K[9/26] [chromium] ΓÇ║ tests\001_login_test.spec.ts:91:7 ΓÇ║ Login - Field Visibility ΓÇ║ Username and Password fields should be empty on page load
[1A[2K[chromium] ΓÇ║ tests\001_login_test.spec.ts:91:7 ΓÇ║ Login - Field Visibility ΓÇ║ Username and Password fields should be empty on page load
Navigating to admin login page

[1A[2K[10/26] [chromium] ΓÇ║ tests\001_login_test.spec.ts:102:7 ΓÇ║ Login - Successful Authentication ΓÇ║ should log in with valid admin credentials and land on dashboard
[1A[2K[chromium] ΓÇ║ tests\001_login_test.spec.ts:102:7 ΓÇ║ Login - Successful Authentication ΓÇ║ should log in with valid admin credentials and land on dashboard
Navigating to admin login page

[1A[2KNavigating to admin login page

[1A[2KSubmitting login form

[1A[2K[11/26] [chromium] ΓÇ║ tests\001_login_test.spec.ts:110:7 ΓÇ║ Login - Successful Authentication ΓÇ║ should redirect to dashboard URL after successful login
[1A[2K[chromium] ΓÇ║ tests\001_login_test.spec.ts:110:7 ΓÇ║ Login - Successful Authentication ΓÇ║ should redirect to dashboard URL after successful login
Navigating to admin login page

[1A[2KNavigating to admin login page

[1A[2KSubmitting login form

[1A[2K[12/26] [chromium] ΓÇ║ tests\001_login_test.spec.ts:115:7 ΓÇ║ Login - Successful Authentication ΓÇ║ should display dashboard heading after login
[1A[2K[chromium] ΓÇ║ tests\001_login_test.spec.ts:115:7 ΓÇ║ Login - Successful Authentication ΓÇ║ should display dashboard heading after login
Navigating to admin login page

[1A[2KNavigating to admin login page

[1A[2KSubmitting login form

[1A[2K[13/26] [chromium] ΓÇ║ tests\001_login_test.spec.ts:126:7 ΓÇ║ Login - Invalid Credentials and Edge Cases ΓÇ║ should show error or stay on login page with invalid username and password
[1A[2K[chromium] ΓÇ║ tests\001_login_test.spec.ts:126:7 ΓÇ║ Login - Invalid Credentials and Edge Cases ΓÇ║ should show error or stay on login page with invalid username and password
Navigating to admin login page

[1A[2KSubmitting login form

[1A[2K[14/26] [chromium] ΓÇ║ tests\001_login_test.spec.ts:139:7 ΓÇ║ Login - Invalid Credentials and Edge Cases ΓÇ║ should stay on login page when submitting with empty username and password
[1A[2K[chromium] ΓÇ║ tests\001_login_test.spec.ts:139:7 ΓÇ║ Login - Invalid Credentials and Edge Cases ΓÇ║ should stay on login page when submitting with empty username and password
Navigating to admin login page

[1A[2K  2) [chromium] ΓÇ║ tests\001_login_test.spec.ts:139:7 ΓÇ║ Login - Invalid Credentials and Edge Cases ΓÇ║ should stay on login page when submitting with empty username and password 

    [31mTest timeout of 60000ms exceeded.[39m

    Error: locator.click: Test timeout of 60000ms exceeded.
    Call log:
    [2m  - waiting for getByRole('button', { name: 'Log In' })[22m
    [2m    - locator resolved to <button disabled type="submit" _ngcontent-ijm-c153="" class="button blue w-100 ng-tns-c153-0"> Log In </button>[22m
    [2m  - attempting click action[22m
    [2m    2 ├ù waiting for element to be visible, enabled and stable[22m
    [2m      - element is not enabled[22m
    [2m    - retrying click action[22m
    [2m    - waiting 20ms[22m
    [2m    2 ├ù waiting for element to be visible, enabled and stable[22m
    [2m      - element is not enabled[22m
    [2m    - retrying click action[22m
    [2m      - waiting 100ms[22m
    [2m    111 ├ù waiting for element to be visible, enabled and stable[22m
    [2m        - element is not enabled[22m
    [2m      - retrying click action[22m
    [2m        - waiting 500ms[22m


      138 |
      139 |   test('should stay on login page when submitting with empty username and password', async ({ page }) => {
    > 140 |     await page.getByRole('button', { name: td.labels.logInButton }).click();
          |                                                                     ^
      141 |     await expect(page).not.toHaveURL(userData.admin.dashboardUrl);
      142 |     await expect(page.getByRole('button', { name: td.labels.logInButton })).toBeVisible();
      143 |   });
        at C:\AutoTest\tests\001_login_test.spec.ts:140:69

    Error Context: test-results\001_login_test-Login---Inv-7d5e7-empty-username-and-password-chromium\error-context.md


[1A[2K[15/26] [chromium] ΓÇ║ tests\001_login_test.spec.ts:145:7 ΓÇ║ Login - Invalid Credentials and Edge Cases ΓÇ║ should stay on login page with valid username but wrong password
[1A[2K[chromium] ΓÇ║ tests\001_login_test.spec.ts:145:7 ΓÇ║ Login - Invalid Credentials and Edge Cases ΓÇ║ should stay on login page with valid username but wrong password
Running setup before all tests in the worker process

[1A[2KformattedDate 2026-06-16T20:03:28.066Z

[1A[2Kclaimsupdate UPDATE claims SET hintimestamp = $1, dateofservice = $2 params [ [32m'2026-06-16T20:03:28.066Z'[39m, [32m'2026-06-16T20:03:28.066Z'[39m ]

[1A[2KUPDATE eramain SET effectivedate = $1 WHERE id = $2 AND payerid = $3 [ [32m'2026-06-16T20:03:28.066Z'[39m, [32m'G26890'[39m, [32m'TREST'[39m ]

[1A[2KUPDATE eramain SET effectivedate = $1 WHERE payerid = $2 [ [32m'2026-06-16T20:03:28.066Z'[39m, [32m'61101'[39m ]

[1A[2KUPDATE claims SET hintimestamp = $1 WHERE payerid = $2 AND providerid = $3 [ [32m'2026-06-16T20:03:28.066Z'[39m, [32m'Y00680'[39m, [32m'P15487'[39m ]

[1A[2KUPDATE groupenrollment SET agreementSentDate = $1, agreementDeniedDate = $2 WHERE enrollmentStatus IN ($3, $4, $5) [
  [32m'2026-06-16T20:03:28.066Z'[39m,
  [32m'2026-06-16T20:03:28.066Z'[39m,
  [32m'C'[39m,
  [32m'D'[39m,
  [32m'M'[39m
]

[1A[2KUPDATE claims SET hintimestamp = $1 WHERE claimStatus = $2 [ [32m'2026-06-16T20:03:28.066Z'[39m, [32m'F2'[39m ]

[1A[2KNavigating to admin login page

[1A[2KSubmitting login form

[1A[2K[16/26] [chromium] ΓÇ║ tests\001_login_test.spec.ts:152:7 ΓÇ║ Login - Invalid Credentials and Edge Cases ΓÇ║ should stay on login page with wrong username but valid password
[1A[2K[chromium] ΓÇ║ tests\001_login_test.spec.ts:152:7 ΓÇ║ Login - Invalid Credentials and Edge Cases ΓÇ║ should stay on login page with wrong username but valid password
Navigating to admin login page

[1A[2KSubmitting login form

[1A[2K[17/26] [chromium] ΓÇ║ tests\001_login_test.spec.ts:159:7 ΓÇ║ Login - Invalid Credentials and Edge Cases ΓÇ║ should stay on login page when only username is provided
[1A[2K[chromium] ΓÇ║ tests\001_login_test.spec.ts:159:7 ΓÇ║ Login - Invalid Credentials and Edge Cases ΓÇ║ should stay on login page when only username is provided
Navigating to admin login page

[1A[2K  3) [chromium] ΓÇ║ tests\001_login_test.spec.ts:159:7 ΓÇ║ Login - Invalid Credentials and Edge Cases ΓÇ║ should stay on login page when only username is provided 

    [31mTest timeout of 60000ms exceeded.[39m

    Error: locator.click: Test timeout of 60000ms exceeded.
    Call log:
    [2m  - waiting for getByRole('button', { name: 'Log In' })[22m
    [2m    - locator resolved to <button disabled type="submit" _ngcontent-xbk-c153="" class="button blue w-100 ng-tns-c153-0"> Log In </button>[22m
    [2m  - attempting click action[22m
    [2m    2 ├ù waiting for element to be visible, enabled and stable[22m
    [2m      - element is not enabled[22m
    [2m    - retrying click action[22m
    [2m    - waiting 20ms[22m
    [2m    2 ├ù waiting for element to be visible, enabled and stable[22m
    [2m      - element is not enabled[22m
    [2m    - retrying click action[22m
    [2m      - waiting 100ms[22m
    [2m    108 ├ù waiting for element to be visible, enabled and stable[22m
    [2m        - element is not enabled[22m
    [2m      - retrying click action[22m
    [2m        - waiting 500ms[22m


      159 |   test('should stay on login page when only username is provided', async ({ page }) => {
      160 |     await page.getByRole('textbox', { name: td.inputs.usernameField }).fill(userData.admin.username);
    > 161 |     await page.getByRole('button', { name: td.labels.logInButton }).click();
          |                                                                     ^
      162 |     await expect(page).not.toHaveURL(userData.admin.dashboardUrl);
      163 |     await expect(page.getByRole('button', { name: td.labels.logInButton })).toBeVisible();
      164 |   });
        at C:\AutoTest\tests\001_login_test.spec.ts:161:69

    Error Context: test-results\001_login_test-Login---Inv-680c5-n-only-username-is-provided-chromium\error-context.md


